Error: Failed query: select "participant_id", "data", "updated_at" from "simulation_state" where "simulation_state"."participant_id" = $1
params: 467272bb-011d-4e7d-b8ad-a06db7011e48
    at NodePgPreparedQuery.queryWithCache (C:\Users\Ilya-\Downloads\MVPSimulationFirstDay-backup-current-version\node_modules\.pnpm\drizzle-orm@0.45.2_@types+pg@8.20.0_pg@8.22.0\node_modules\src\pg-core\session.ts:73:11)
    at process.processTicksAndRejections (node:internal/process/task_queues:104:5)
    at async <anonymous> (C:\Users\Ilya-\Downloads\MVPSimulationFirstDay-backup-current-version\node_modules\.pnpm\drizzle-orm@0.45.2_@types+pg@8.20.0_pg@8.22.0\node_modules\src\node-postgres\session.ts:154:19)
    at async <anonymous> (C:\Users\Ilya-\Downloads\MVPSimulationFirstDay-backup-current-version\artifacts\api-server\src\routes\state.ts:10:17)
Error: Failed query: select "id" from "participants" where "participants"."id" = $1
params: 467272bb-011d-4e7d-b8ad-a06db7011e48
    at NodePgPreparedQuery.queryWithCache (C:\Users\Ilya-\Downloads\MVPSimulationFirstDay-backup-current-version\node_modules\.pnpm\drizzle-orm@0.45.2_@types+pg@8.20.0_pg@8.22.0\node_modules\src\pg-core\session.ts:73:11)
    at process.processTicksAndRejections (node:internal/process/task_queues:104:5)
    at async <anonymous> (C:\Users\Ilya-\Downloads\MVPSimulationFirstDay-backup-current-version\node_modules\.pnpm\drizzle-orm@0.45.2_@types+pg@8.20.0_pg@8.22.0\node_modules\src\node-postgres\session.ts:154:19)
    at async <anonymous> (C:\Users\Ilya-\Downloads\MVPSimulationFirstDay-backup-current-version\artifacts\api-server\src\routes\state.ts:18:25)
Error: Failed query: select "id" from "participants" where "participants"."id" = $1
params: 467272bb-011d-4e7d-b8ad-a06db7011e48
    at NodePgPreparedQuery.queryWithCache (C:\Users\Ilya-\Downloads\MVPSimulationFirstDay-backup-current-version\node_modules\.pnpm\drizzle-orm@0.45.2_@types+pg@8.20.0_pg@8.22.0\node_modules\src\pg-core\session.ts:73:11)
    at process.processTicksAndRejections (node:internal/process/task_queues:104:5)
    at async <anonymous> (C:\Users\Ilya-\Downloads\MVPSimulationFirstDay-backup-current-version\node_modules\.pnpm\drizzle-orm@0.45.2_@types+pg@8.20.0_pg@8.22.0\node_modules\src\node-postgres\session.ts:154:19)
    at async <anonymous> (C:\Users\Ilya-\Downloads\MVPSimulationFirstDay-backup-current-version\artifacts\api-server\src\routes\state.ts:18:25)
Error: Failed query: select "id" from "participants" where "participants"."id" = $1
params: 467272bb-011d-4e7d-b8ad-a06db7011e48
    at NodePgPreparedQuery.queryWithCache (C:\Users\Ilya-\Downloads\MVPSimulationFirstDay-backup-current-version\node_modules\.pnpm\drizzle-orm@0.45.2_@types+pg@8.20.0_pg@8.22.0\node_modules\src\pg-core\session.ts:73:11)
    at process.processTicksAndRejections (node:internal/process/task_queues:104:5)
    at async <anonymous> (C:\Users\Ilya-\Downloads\MVPSimulationFirstDay-backup-current-version\node_modules\.pnpm\drizzle-orm@0.45.2_@types+pg@8.20.0_pg@8.22.0\node_modules\src\node-postgres\session.ts:154:19)
    at async <anonymous> (C:\Users\Ilya-\Downloads\MVPSimulationFirstDay-backup-current-version\artifacts\api-server\src\routes\state.ts:18:25)
Error: Failed query: select "id" from "participants" where "participants"."id" = $1
params: 467272bb-011d-4e7d-b8ad-a06db7011e48
    at NodePgPreparedQuery.queryWithCache (C:\Users\Ilya-\Downloads\MVPSimulationFirstDay-backup-current-version\node_modules\.pnpm\drizzle-orm@0.45.2_@types+pg@8.20.0_pg@8.22.0\node_modules\src\pg-core\session.ts:73:11)
    at process.processTicksAndRejections (node:internal/process/task_queues:104:5)
    at async <anonymous> (C:\Users\Ilya-\Downloads\MVPSimulationFirstDay-backup-current-version\node_modules\.pnpm\drizzle-orm@0.45.2_@types+pg@8.20.0_pg@8.22.0\node_modules\src\node-postgres\session.ts:154:19)
    at async <anonymous> (C:\Users\Ilya-\Downloads\MVPSimulationFirstDay-backup-current-version\artifacts\api-server\src\routes\state.ts:18:25)
Error: Failed query: select "id" from "participants" where "participants"."id" = $1
params: 467272bb-011d-4e7d-b8ad-a06db7011e48
    at NodePgPreparedQuery.queryWithCache (C:\Users\Ilya-\Downloads\MVPSimulationFirstDay-backup-current-version\node_modules\.pnpm\drizzle-orm@0.45.2_@types+pg@8.20.0_pg@8.22.0\node_modules\src\pg-core\session.ts:73:11)
    at process.processTicksAndRejections (node:internal/process/task_queues:104:5)
    at async <anonymous> (C:\Users\Ilya-\Downloads\MVPSimulationFirstDay-backup-current-version\node_modules\.pnpm\drizzle-orm@0.45.2_@types+pg@8.20.0_pg@8.22.0\node_modules\src\node-postgres\session.ts:154:19)
    at async <anonymous> (C:\Users\Ilya-\Downloads\MVPSimulationFirstDay-backup-current-version\artifacts\api-server\src\routes\state.ts:18:25)
Error: Failed query: select "id" from "participants" where "participants"."id" = $1
params: 467272bb-011d-4e7d-b8ad-a06db7011e48
    at NodePgPreparedQuery.queryWithCache (C:\Users\Ilya-\Downloads\MVPSimulationFirstDay-backup-current-version\node_modules\.pnpm\drizzle-orm@0.45.2_@types+pg@8.20.0_pg@8.22.0\node_modules\src\pg-core\session.ts:73:11)
    at process.processTicksAndRejections (node:internal/process/task_queues:104:5)
    at async <anonymous> (C:\Users\Ilya-\Downloads\MVPSimulationFirstDay-backup-current-version\node_modules\.pnpm\drizzle-orm@0.45.2_@types+pg@8.20.0_pg@8.22.0\node_modules\src\node-postgres\session.ts:154:19)
    at async <anonymous> (C:\Users\Ilya-\Downloads\MVPSimulationFirstDay-backup-current-version\artifacts\api-server\src\routes\state.ts:18:25)
Error: Failed query: select "id" from "participants" where "participants"."id" = $1
params: 467272bb-011d-4e7d-b8ad-a06db7011e48
    at NodePgPreparedQuery.queryWithCache (C:\Users\Ilya-\Downloads\MVPSimulationFirstDay-backup-current-version\node_modules\.pnpm\drizzle-orm@0.45.2_@types+pg@8.20.0_pg@8.22.0\node_modules\src\pg-core\session.ts:73:11)
    at process.processTicksAndRejections (node:internal/process/task_queues:104:5)
    at async <anonymous> (C:\Users\Ilya-\Downloads\MVPSimulationFirstDay-backup-current-version\node_modules\.pnpm\drizzle-orm@0.45.2_@types+pg@8.20.0_pg@8.22.0\node_modules\src\node-postgres\session.ts:154:19)
    at async <anonymous> (C:\Users\Ilya-\Downloads\MVPSimulationFirstDay-backup-current-version\artifacts\api-server\src\routes\state.ts:18:25)
Error: Failed query: select "id" from "participants" where "participants"."id" = $1
params: 467272bb-011d-4e7d-b8ad-a06db7011e48
    at NodePgPreparedQuery.queryWithCache (C:\Users\Ilya-\Downloads\MVPSimulationFirstDay-backup-current-version\node_modules\.pnpm\drizzle-orm@0.45.2_@types+pg@8.20.0_pg@8.22.0\node_modules\src\pg-core\session.ts:73:11)
    at process.processTicksAndRejections (node:internal/process/task_queues:104:5)
    at async <anonymous> (C:\Users\Ilya-\Downloads\MVPSimulationFirstDay-backup-current-version\node_modules\.pnpm\drizzle-orm@0.45.2_@types+pg@8.20.0_pg@8.22.0\node_modules\src\node-postgres\session.ts:154:19)
    at async <anonymous> (C:\Users\Ilya-\Downloads\MVPSimulationFirstDay-backup-current-version\artifacts\api-server\src\routes\state.ts:18:25)
Error: Failed query: select "id" from "participants" where "participants"."id" = $1
params: 467272bb-011d-4e7d-b8ad-a06db7011e48
    at NodePgPreparedQuery.queryWithCache (C:\Users\Ilya-\Downloads\MVPSimulationFirstDay-backup-current-version\node_modules\.pnpm\drizzle-orm@0.45.2_@types+pg@8.20.0_pg@8.22.0\node_modules\src\pg-core\session.ts:73:11)
    at process.processTicksAndRejections (node:internal/process/task_queues:104:5)
    at async <anonymous> (C:\Users\Ilya-\Downloads\MVPSimulationFirstDay-backup-current-version\node_modules\.pnpm\drizzle-orm@0.45.2_@types+pg@8.20.0_pg@8.22.0\node_modules\src\node-postgres\session.ts:154:19)
    at async <anonymous> (C:\Users\Ilya-\Downloads\MVPSimulationFirstDay-backup-current-version\artifacts\api-server\src\routes\state.ts:18:25)
Error: Failed query: select "id" from "participants" where "participants"."id" = $1
params: 467272bb-011d-4e7d-b8ad-a06db7011e48
    at NodePgPreparedQuery.queryWithCache (C:\Users\Ilya-\Downloads\MVPSimulationFirstDay-backup-current-version\node_modules\.pnpm\drizzle-orm@0.45.2_@types+pg@8.20.0_pg@8.22.0\node_modules\src\pg-core\session.ts:73:11)
    at process.processTicksAndRejections (node:internal/process/task_queues:104:5)
    at async <anonymous> (C:\Users\Ilya-\Downloads\MVPSimulationFirstDay-backup-current-version\node_modules\.pnpm\drizzle-orm@0.45.2_@types+pg@8.20.0_pg@8.22.0\node_modules\src\node-postgres\session.ts:154:19)
    at async <anonymous> (C:\Users\Ilya-\Downloads\MVPSimulationFirstDay-backup-current-version\artifacts\api-server\src\routes\state.ts:18:25)
Error: Failed query: select "id" from "participants" where "participants"."id" = $1
params: 467272bb-011d-4e7d-b8ad-a06db7011e48
    at NodePgPreparedQuery.queryWithCache (C:\Users\Ilya-\Downloads\MVPSimulationFirstDay-backup-current-version\node_modules\.pnpm\drizzle-orm@0.45.2_@types+pg@8.20.0_pg@8.22.0\node_modules\src\pg-core\session.ts:73:11)
    at process.processTicksAndRejections (node:internal/process/task_queues:104:5)
    at async <anonymous> (C:\Users\Ilya-\Downloads\MVPSimulationFirstDay-backup-current-version\node_modules\.pnpm\drizzle-orm@0.45.2_@types+pg@8.20.0_pg@8.22.0\node_modules\src\node-postgres\session.ts:154:19)
    at async <anonymous> (C:\Users\Ilya-\Downloads\MVPSimulationFirstDay-backup-current-version\artifacts\api-server\src\routes\state.ts:18:25)
Error: Failed query: select "id" from "participants" where "participants"."id" = $1
params: 467272bb-011d-4e7d-b8ad-a06db7011e48
    at NodePgPreparedQuery.queryWithCache (C:\Users\Ilya-\Downloads\MVPSimulationFirstDay-backup-current-version\node_modules\.pnpm\drizzle-orm@0.45.2_@types+pg@8.20.0_pg@8.22.0\node_modules\src\pg-core\session.ts:73:11)
    at process.processTicksAndRejections (node:internal/process/task_queues:104:5)
    at async <anonymous> (C:\Users\Ilya-\Downloads\MVPSimulationFirstDay-backup-current-version\node_modules\.pnpm\drizzle-orm@0.45.2_@types+pg@8.20.0_pg@8.22.0\node_modules\src\node-postgres\session.ts:154:19)
    at async <anonymous> (C:\Users\Ilya-\Downloads\MVPSimulationFirstDay-backup-current-version\artifacts\api-server\src\routes\state.ts:18:25)
Error: Failed query: select "id" from "participants" where "participants"."id" = $1
params: 467272bb-011d-4e7d-b8ad-a06db7011e48
    at NodePgPreparedQuery.queryWithCache (C:\Users\Ilya-\Downloads\MVPSimulationFirstDay-backup-current-version\node_modules\.pnpm\drizzle-orm@0.45.2_@types+pg@8.20.0_pg@8.22.0\node_modules\src\pg-core\session.ts:73:11)
    at process.processTicksAndRejections (node:internal/process/task_queues:104:5)
    at async <anonymous> (C:\Users\Ilya-\Downloads\MVPSimulationFirstDay-backup-current-version\node_modules\.pnpm\drizzle-orm@0.45.2_@types+pg@8.20.0_pg@8.22.0\node_modules\src\node-postgres\session.ts:154:19)
    at async <anonymous> (C:\Users\Ilya-\Downloads\MVPSimulationFirstDay-backup-current-version\artifacts\api-server\src\routes\state.ts:18:25)
Error: Failed query: select "id" from "participants" where "participants"."id" = $1
params: 467272bb-011d-4e7d-b8ad-a06db7011e48
    at NodePgPreparedQuery.queryWithCache (C:\Users\Ilya-\Downloads\MVPSimulationFirstDay-backup-current-version\node_modules\.pnpm\drizzle-orm@0.45.2_@types+pg@8.20.0_pg@8.22.0\node_modules\src\pg-core\session.ts:73:11)
    at process.processTicksAndRejections (node:internal/process/task_queues:104:5)
    at async <anonymous> (C:\Users\Ilya-\Downloads\MVPSimulationFirstDay-backup-current-version\node_modules\.pnpm\drizzle-orm@0.45.2_@types+pg@8.20.0_pg@8.22.0\node_modules\src\node-postgres\session.ts:154:19)
    at async <anonymous> (C:\Users\Ilya-\Downloads\MVPSimulationFirstDay-backup-current-version\artifacts\api-server\src\routes\state.ts:18:25)
Error: Failed query: select "id" from "participants" where "participants"."id" = $1
params: 467272bb-011d-4e7d-b8ad-a06db7011e48
    at NodePgPreparedQuery.queryWithCache (C:\Users\Ilya-\Downloads\MVPSimulationFirstDay-backup-current-version\node_modules\.pnpm\drizzle-orm@0.45.2_@types+pg@8.20.0_pg@8.22.0\node_modules\src\pg-core\session.ts:73:11)
    at process.processTicksAndRejections (node:internal/process/task_queues:104:5)
    at async <anonymous> (C:\Users\Ilya-\Downloads\MVPSimulationFirstDay-backup-current-version\node_modules\.pnpm\drizzle-orm@0.45.2_@types+pg@8.20.0_pg@8.22.0\node_modules\src\node-postgres\session.ts:154:19)
    at async <anonymous> (C:\Users\Ilya-\Downloads\MVPSimulationFirstDay-backup-current-version\artifacts\api-server\src\routes\state.ts:18:25)
Error: Failed query: select "id" from "participants" where "participants"."id" = $1
params: 467272bb-011d-4e7d-b8ad-a06db7011e48
    at NodePgPreparedQuery.queryWithCache (C:\Users\Ilya-\Downloads\MVPSimulationFirstDay-backup-current-version\node_modules\.pnpm\drizzle-orm@0.45.2_@types+pg@8.20.0_pg@8.22.0\node_modules\src\pg-core\session.ts:73:11)
    at process.processTicksAndRejections (node:internal/process/task_queues:104:5)
    at async <anonymous> (C:\Users\Ilya-\Downloads\MVPSimulationFirstDay-backup-current-version\node_modules\.pnpm\drizzle-orm@0.45.2_@types+pg@8.20.0_pg@8.22.0\node_modules\src\node-postgres\session.ts:154:19)
    at async <anonymous> (C:\Users\Ilya-\Downloads\MVPSimulationFirstDay-backup-current-version\artifacts\api-server\src\routes\state.ts:18:25)
Error: Failed query: select "id" from "participants" where "participants"."id" = $1
params: 467272bb-011d-4e7d-b8ad-a06db7011e48
    at NodePgPreparedQuery.queryWithCache (C:\Users\Ilya-\Downloads\MVPSimulationFirstDay-backup-current-version\node_modules\.pnpm\drizzle-orm@0.45.2_@types+pg@8.20.0_pg@8.22.0\node_modules\src\pg-core\session.ts:73:11)
    at process.processTicksAndRejections (node:internal/process/task_queues:104:5)
    at async <anonymous> (C:\Users\Ilya-\Downloads\MVPSimulationFirstDay-backup-current-version\node_modules\.pnpm\drizzle-orm@0.45.2_@types+pg@8.20.0_pg@8.22.0\node_modules\src\node-postgres\session.ts:154:19)
    at async <anonymous> (C:\Users\Ilya-\Downloads\MVPSimulationFirstDay-backup-current-version\artifacts\api-server\src\routes\state.ts:18:25)
Error: Failed query: select "id" from "participants" where "participants"."id" = $1
params: 467272bb-011d-4e7d-b8ad-a06db7011e48
    at NodePgPreparedQuery.queryWithCache (C:\Users\Ilya-\Downloads\MVPSimulationFirstDay-backup-current-version\node_modules\.pnpm\drizzle-orm@0.45.2_@types+pg@8.20.0_pg@8.22.0\node_modules\src\pg-core\session.ts:73:11)
    at process.processTicksAndRejections (node:internal/process/task_queues:104:5)
    at async <anonymous> (C:\Users\Ilya-\Downloads\MVPSimulationFirstDay-backup-current-version\node_modules\.pnpm\drizzle-orm@0.45.2_@types+pg@8.20.0_pg@8.22.0\node_modules\src\node-postgres\session.ts:154:19)
    at async <anonymous> (C:\Users\Ilya-\Downloads\MVPSimulationFirstDay-backup-current-version\artifacts\api-server\src\routes\state.ts:18:25)
Error: Failed query: select "id" from "participants" where "participants"."id" = $1
params: 467272bb-011d-4e7d-b8ad-a06db7011e48
    at NodePgPreparedQuery.queryWithCache (C:\Users\Ilya-\Downloads\MVPSimulationFirstDay-backup-current-version\node_modules\.pnpm\drizzle-orm@0.45.2_@types+pg@8.20.0_pg@8.22.0\node_modules\src\pg-core\session.ts:73:11)
    at process.processTicksAndRejections (node:internal/process/task_queues:104:5)
    at async <anonymous> (C:\Users\Ilya-\Downloads\MVPSimulationFirstDay-backup-current-version\node_modules\.pnpm\drizzle-orm@0.45.2_@types+pg@8.20.0_pg@8.22.0\node_modules\src\node-postgres\session.ts:154:19)
    at async <anonymous> (C:\Users\Ilya-\Downloads\MVPSimulationFirstDay-backup-current-version\artifacts\api-server\src\routes\state.ts:18:25)
Error: Failed query: select "id" from "participants" where "participants"."id" = $1
params: 467272bb-011d-4e7d-b8ad-a06db7011e48
    at NodePgPreparedQuery.queryWithCache (C:\Users\Ilya-\Downloads\MVPSimulationFirstDay-backup-current-version\node_modules\.pnpm\drizzle-orm@0.45.2_@types+pg@8.20.0_pg@8.22.0\node_modules\src\pg-core\session.ts:73:11)
    at process.processTicksAndRejections (node:internal/process/task_queues:104:5)
    at async <anonymous> (C:\Users\Ilya-\Downloads\MVPSimulationFirstDay-backup-current-version\node_modules\.pnpm\drizzle-orm@0.45.2_@types+pg@8.20.0_pg@8.22.0\node_modules\src\node-postgres\session.ts:154:19)
    at async <anonymous> (C:\Users\Ilya-\Downloads\MVPSimulationFirstDay-backup-current-version\artifacts\api-server\src\routes\state.ts:18:25)
Error: Failed query: select "id" from "participants" where "participants"."id" = $1
params: 467272bb-011d-4e7d-b8ad-a06db7011e48
    at NodePgPreparedQuery.queryWithCache (C:\Users\Ilya-\Downloads\MVPSimulationFirstDay-backup-current-version\node_modules\.pnpm\drizzle-orm@0.45.2_@types+pg@8.20.0_pg@8.22.0\node_modules\src\pg-core\session.ts:73:11)
    at process.processTicksAndRejections (node:internal/process/task_queues:104:5)
    at async <anonymous> (C:\Users\Ilya-\Downloads\MVPSimulationFirstDay-backup-current-version\node_modules\.pnpm\drizzle-orm@0.45.2_@types+pg@8.20.0_pg@8.22.0\node_modules\src\node-postgres\session.ts:154:19)
    at async <anonymous> (C:\Users\Ilya-\Downloads\MVPSimulationFirstDay-backup-current-version\artifacts\api-server\src\routes\state.ts:18:25)
Error: Failed query: select "id" from "participants" where "participants"."id" = $1
params: 467272bb-011d-4e7d-b8ad-a06db7011e48
    at NodePgPreparedQuery.queryWithCache (C:\Users\Ilya-\Downloads\MVPSimulationFirstDay-backup-current-version\node_modules\.pnpm\drizzle-orm@0.45.2_@types+pg@8.20.0_pg@8.22.0\node_modules\src\pg-core\session.ts:73:11)
    at process.processTicksAndRejections (node:internal/process/task_queues:104:5)
    at async <anonymous> (C:\Users\Ilya-\Downloads\MVPSimulationFirstDay-backup-current-version\node_modules\.pnpm\drizzle-orm@0.45.2_@types+pg@8.20.0_pg@8.22.0\node_modules\src\node-postgres\session.ts:154:19)
    at async <anonymous> (C:\Users\Ilya-\Downloads\MVPSimulationFirstDay-backup-current-version\artifacts\api-server\src\routes\state.ts:18:25)
Error: Failed query: select "participant_id", "data", "updated_at" from "simulation_state" where "simulation_state"."participant_id" = $1
params: e268c889-5335-4247-9278-48ba81fa9ab3
    at NodePgPreparedQuery.queryWithCache (C:\Users\Ilya-\Downloads\MVPSimulationFirstDay-backup-current-version\node_modules\.pnpm\drizzle-orm@0.45.2_@types+pg@8.20.0_pg@8.22.0\node_modules\src\pg-core\session.ts:73:11)
    at process.processTicksAndRejections (node:internal/process/task_queues:104:5)
    at async <anonymous> (C:\Users\Ilya-\Downloads\MVPSimulationFirstDay-backup-current-version\node_modules\.pnpm\drizzle-orm@0.45.2_@types+pg@8.20.0_pg@8.22.0\node_modules\src\node-postgres\session.ts:154:19)
    at async <anonymous> (C:\Users\Ilya-\Downloads\MVPSimulationFirstDay-backup-current-version\artifacts\api-server\src\routes\state.ts:10:17)
Error: Failed query: select "id" from "participants" where "participants"."id" = $1
params: e268c889-5335-4247-9278-48ba81fa9ab3
    at NodePgPreparedQuery.queryWithCache (C:\Users\Ilya-\Downloads\MVPSimulationFirstDay-backup-current-version\node_modules\.pnpm\drizzle-orm@0.45.2_@types+pg@8.20.0_pg@8.22.0\node_modules\src\pg-core\session.ts:73:11)
    at process.processTicksAndRejections (node:internal/process/task_queues:104:5)
    at async <anonymous> (C:\Users\Ilya-\Downloads\MVPSimulationFirstDay-backup-current-version\node_modules\.pnpm\drizzle-orm@0.45.2_@types+pg@8.20.0_pg@8.22.0\node_modules\src\node-postgres\session.ts:154:19)
    at async <anonymous> (C:\Users\Ilya-\Downloads\MVPSimulationFirstDay-backup-current-version\artifacts\api-server\src\routes\state.ts:18:25)
Error: Failed query: select "id" from "participants" where "participants"."id" = $1
params: e268c889-5335-4247-9278-48ba81fa9ab3
    at NodePgPreparedQuery.queryWithCache (C:\Users\Ilya-\Downloads\MVPSimulationFirstDay-backup-current-version\node_modules\.pnpm\drizzle-orm@0.45.2_@types+pg@8.20.0_pg@8.22.0\node_modules\src\pg-core\session.ts:73:11)
    at process.processTicksAndRejections (node:internal/process/task_queues:104:5)
    at async <anonymous> (C:\Users\Ilya-\Downloads\MVPSimulationFirstDay-backup-current-version\node_modules\.pnpm\drizzle-orm@0.45.2_@types+pg@8.20.0_pg@8.22.0\node_modules\src\node-postgres\session.ts:154:19)
    at async <anonymous> (C:\Users\Ilya-\Downloads\MVPSimulationFirstDay-backup-current-version\artifacts\api-server\src\routes\state.ts:18:25)
Error: Failed query: select "id" from "participants" where "participants"."id" = $1
params: e268c889-5335-4247-9278-48ba81fa9ab3
    at NodePgPreparedQuery.queryWithCache (C:\Users\Ilya-\Downloads\MVPSimulationFirstDay-backup-current-version\node_modules\.pnpm\drizzle-orm@0.45.2_@types+pg@8.20.0_pg@8.22.0\node_modules\src\pg-core\session.ts:73:11)
    at process.processTicksAndRejections (node:internal/process/task_queues:104:5)
    at async <anonymous> (C:\Users\Ilya-\Downloads\MVPSimulationFirstDay-backup-current-version\node_modules\.pnpm\drizzle-orm@0.45.2_@types+pg@8.20.0_pg@8.22.0\node_modules\src\node-postgres\session.ts:154:19)
    at async <anonymous> (C:\Users\Ilya-\Downloads\MVPSimulationFirstDay-backup-current-version\artifacts\api-server\src\routes\state.ts:18:25)
Error: Failed query: select "id" from "participants" where "participants"."id" = $1
params: e268c889-5335-4247-9278-48ba81fa9ab3
    at NodePgPreparedQuery.queryWithCache (C:\Users\Ilya-\Downloads\MVPSimulationFirstDay-backup-current-version\node_modules\.pnpm\drizzle-orm@0.45.2_@types+pg@8.20.0_pg@8.22.0\node_modules\src\pg-core\session.ts:73:11)
    at process.processTicksAndRejections (node:internal/process/task_queues:104:5)
    at async <anonymous> (C:\Users\Ilya-\Downloads\MVPSimulationFirstDay-backup-current-version\node_modules\.pnpm\drizzle-orm@0.45.2_@types+pg@8.20.0_pg@8.22.0\node_modules\src\node-postgres\session.ts:154:19)
    at async <anonymous> (C:\Users\Ilya-\Downloads\MVPSimulationFirstDay-backup-current-version\artifacts\api-server\src\routes\state.ts:18:25)
Error: Failed query: select "id" from "participants" where "participants"."id" = $1
params: e268c889-5335-4247-9278-48ba81fa9ab3
    at NodePgPreparedQuery.queryWithCache (C:\Users\Ilya-\Downloads\MVPSimulationFirstDay-backup-current-version\node_modules\.pnpm\drizzle-orm@0.45.2_@types+pg@8.20.0_pg@8.22.0\node_modules\src\pg-core\session.ts:73:11)
    at process.processTicksAndRejections (node:internal/process/task_queues:104:5)
    at async <anonymous> (C:\Users\Ilya-\Downloads\MVPSimulationFirstDay-backup-current-version\node_modules\.pnpm\drizzle-orm@0.45.2_@types+pg@8.20.0_pg@8.22.0\node_modules\src\node-postgres\session.ts:154:19)
    at async <anonymous> (C:\Users\Ilya-\Downloads\MVPSimulationFirstDay-backup-current-version\artifacts\api-server\src\routes\state.ts:18:25)
Error: Failed query: select "id" from "participants" where "participants"."id" = $1
params: e268c889-5335-4247-9278-48ba81fa9ab3
    at NodePgPreparedQuery.queryWithCache (C:\Users\Ilya-\Downloads\MVPSimulationFirstDay-backup-current-version\node_modules\.pnpm\drizzle-orm@0.45.2_@types+pg@8.20.0_pg@8.22.0\node_modules\src\pg-core\session.ts:73:11)
    at process.processTicksAndRejections (node:internal/process/task_queues:104:5)
    at async <anonymous> (C:\Users\Ilya-\Downloads\MVPSimulationFirstDay-backup-current-version\node_modules\.pnpm\drizzle-orm@0.45.2_@types+pg@8.20.0_pg@8.22.0\node_modules\src\node-postgres\session.ts:154:19)
    at async <anonymous> (C:\Users\Ilya-\Downloads\MVPSimulationFirstDay-backup-current-version\artifacts\api-server\src\routes\state.ts:18:25)
Error: Failed query: select "id" from "participants" where "participants"."id" = $1
params: e268c889-5335-4247-9278-48ba81fa9ab3
    at NodePgPreparedQuery.queryWithCache (C:\Users\Ilya-\Downloads\MVPSimulationFirstDay-backup-current-version\node_modules\.pnpm\drizzle-orm@0.45.2_@types+pg@8.20.0_pg@8.22.0\node_modules\src\pg-core\session.ts:73:11)
    at process.processTicksAndRejections (node:internal/process/task_queues:104:5)
    at async <anonymous> (C:\Users\Ilya-\Downloads\MVPSimulationFirstDay-backup-current-version\node_modules\.pnpm\drizzle-orm@0.45.2_@types+pg@8.20.0_pg@8.22.0\node_modules\src\node-postgres\session.ts:154:19)
    at async <anonymous> (C:\Users\Ilya-\Downloads\MVPSimulationFirstDay-backup-current-version\artifacts\api-server\src\routes\state.ts:18:25)
Error: Failed query: select "id" from "participants" where "participants"."id" = $1
params: e268c889-5335-4247-9278-48ba81fa9ab3
    at NodePgPreparedQuery.queryWithCache (C:\Users\Ilya-\Downloads\MVPSimulationFirstDay-backup-current-version\node_modules\.pnpm\drizzle-orm@0.45.2_@types+pg@8.20.0_pg@8.22.0\node_modules\src\pg-core\session.ts:73:11)
    at process.processTicksAndRejections (node:internal/process/task_queues:104:5)
    at async <anonymous> (C:\Users\Ilya-\Downloads\MVPSimulationFirstDay-backup-current-version\node_modules\.pnpm\drizzle-orm@0.45.2_@types+pg@8.20.0_pg@8.22.0\node_modules\src\node-postgres\session.ts:154:19)
    at async <anonymous> (C:\Users\Ilya-\Downloads\MVPSimulationFirstDay-backup-current-version\artifacts\api-server\src\routes\state.ts:18:25)
Error: Failed query: select "id" from "participants" where "participants"."id" = $1
params: e268c889-5335-4247-9278-48ba81fa9ab3
    at NodePgPreparedQuery.queryWithCache (C:\Users\Ilya-\Downloads\MVPSimulationFirstDay-backup-current-version\node_modules\.pnpm\drizzle-orm@0.45.2_@types+pg@8.20.0_pg@8.22.0\node_modules\src\pg-core\session.ts:73:11)
    at process.processTicksAndRejections (node:internal/process/task_queues:104:5)
    at async <anonymous> (C:\Users\Ilya-\Downloads\MVPSimulationFirstDay-backup-current-version\node_modules\.pnpm\drizzle-orm@0.45.2_@types+pg@8.20.0_pg@8.22.0\node_modules\src\node-postgres\session.ts:154:19)
    at async <anonymous> (C:\Users\Ilya-\Downloads\MVPSimulationFirstDay-backup-current-version\artifacts\api-server\src\routes\state.ts:18:25)
Error: Failed query: select "id" from "participants" where "participants"."id" = $1
params: e268c889-5335-4247-9278-48ba81fa9ab3
    at NodePgPreparedQuery.queryWithCache (C:\Users\Ilya-\Downloads\MVPSimulationFirstDay-backup-current-version\node_modules\.pnpm\drizzle-orm@0.45.2_@types+pg@8.20.0_pg@8.22.0\node_modules\src\pg-core\session.ts:73:11)
    at process.processTicksAndRejections (node:internal/process/task_queues:104:5)
    at async <anonymous> (C:\Users\Ilya-\Downloads\MVPSimulationFirstDay-backup-current-version\node_modules\.pnpm\drizzle-orm@0.45.2_@types+pg@8.20.0_pg@8.22.0\node_modules\src\node-postgres\session.ts:154:19)
    at async <anonymous> (C:\Users\Ilya-\Downloads\MVPSimulationFirstDay-backup-current-version\artifacts\api-server\src\routes\state.ts:18:25)
Registration request failed AggregateError [EACCES]: 
    at <anonymous> (C:\Users\Ilya-\Downloads\MVPSimulationFirstDay-backup-current-version\node_modules\.pnpm\pg-pool@3.14.0_pg@8.22.0\node_modules\pg-pool\index.js:45:11)
    at process.processTicksAndRejections (node:internal/process/task_queues:104:5)
    at async _NodePgSession.transaction (C:\Users\Ilya-\Downloads\MVPSimulationFirstDay-backup-current-version\node_modules\.pnpm\drizzle-orm@0.45.2_@types+pg@8.20.0_pg@8.22.0\node_modules\src\node-postgres\session.ts:254:24)
    at async <anonymous> (C:\Users\Ilya-\Downloads\MVPSimulationFirstDay-backup-current-version\artifacts\api-server\src\routes\register.ts:49:5) {
  code: 'EACCES',
  [errors]: [
    Error: connect EACCES ::1:5432
        at createConnectionError (node:net:1905:14)
        at afterConnectMultiple (node:net:1935:16) {
      errno: -4092,
      code: 'EACCES',
      syscall: 'connect',
      address: '::1',
      port: 5432
    },
    Error: connect ECONNREFUSED 127.0.0.1:5432
        at createConnectionError (node:net:1905:14)
        at afterConnectMultiple (node:net:1935:16) {
      errno: -4078,
      code: 'ECONNREFUSED',
      syscall: 'connect',
      address: '127.0.0.1',
      port: 5432
    }
  ]
}
Error: Failed query: select "id" from "participants" where "participants"."id" = $1
params: e268c889-5335-4247-9278-48ba81fa9ab3
    at NodePgPreparedQuery.queryWithCache (C:\Users\Ilya-\Downloads\MVPSimulationFirstDay-backup-current-version\node_modules\.pnpm\drizzle-orm@0.45.2_@types+pg@8.20.0_pg@8.22.0\node_modules\src\pg-core\session.ts:73:11)
    at process.processTicksAndRejections (node:internal/process/task_queues:104:5)
    at async <anonymous> (C:\Users\Ilya-\Downloads\MVPSimulationFirstDay-backup-current-version\node_modules\.pnpm\drizzle-orm@0.45.2_@types+pg@8.20.0_pg@8.22.0\node_modules\src\node-postgres\session.ts:154:19)
    at async <anonymous> (C:\Users\Ilya-\Downloads\MVPSimulationFirstDay-backup-current-version\artifacts\api-server\src\routes\state.ts:18:25)
Error: Failed query: select "id" from "participants" where "participants"."id" = $1
params: e268c889-5335-4247-9278-48ba81fa9ab3
    at NodePgPreparedQuery.queryWithCache (C:\Users\Ilya-\Downloads\MVPSimulationFirstDay-backup-current-version\node_modules\.pnpm\drizzle-orm@0.45.2_@types+pg@8.20.0_pg@8.22.0\node_modules\src\pg-core\session.ts:73:11)
    at process.processTicksAndRejections (node:internal/process/task_queues:104:5)
    at async <anonymous> (C:\Users\Ilya-\Downloads\MVPSimulationFirstDay-backup-current-version\node_modules\.pnpm\drizzle-orm@0.45.2_@types+pg@8.20.0_pg@8.22.0\node_modules\src\node-postgres\session.ts:154:19)
    at async <anonymous> (C:\Users\Ilya-\Downloads\MVPSimulationFirstDay-backup-current-version\artifacts\api-server\src\routes\state.ts:18:25)
Error: Failed query: select "id" from "participants" where "participants"."id" = $1
params: e268c889-5335-4247-9278-48ba81fa9ab3
    at NodePgPreparedQuery.queryWithCache (C:\Users\Ilya-\Downloads\MVPSimulationFirstDay-backup-current-version\node_modules\.pnpm\drizzle-orm@0.45.2_@types+pg@8.20.0_pg@8.22.0\node_modules\src\pg-core\session.ts:73:11)
    at process.processTicksAndRejections (node:internal/process/task_queues:104:5)
    at async <anonymous> (C:\Users\Ilya-\Downloads\MVPSimulationFirstDay-backup-current-version\node_modules\.pnpm\drizzle-orm@0.45.2_@types+pg@8.20.0_pg@8.22.0\node_modules\src\node-postgres\session.ts:154:19)
    at async <anonymous> (C:\Users\Ilya-\Downloads\MVPSimulationFirstDay-backup-current-version\artifacts\api-server\src\routes\state.ts:18:25)
Error: Failed query: select "id" from "participants" where "participants"."id" = $1
params: e268c889-5335-4247-9278-48ba81fa9ab3
    at NodePgPreparedQuery.queryWithCache (C:\Users\Ilya-\Downloads\MVPSimulationFirstDay-backup-current-version\node_modules\.pnpm\drizzle-orm@0.45.2_@types+pg@8.20.0_pg@8.22.0\node_modules\src\pg-core\session.ts:73:11)
    at process.processTicksAndRejections (node:internal/process/task_queues:104:5)
    at async <anonymous> (C:\Users\Ilya-\Downloads\MVPSimulationFirstDay-backup-current-version\node_modules\.pnpm\drizzle-orm@0.45.2_@types+pg@8.20.0_pg@8.22.0\node_modules\src\node-postgres\session.ts:154:19)
    at async <anonymous> (C:\Users\Ilya-\Downloads\MVPSimulationFirstDay-backup-current-version\artifacts\api-server\src\routes\state.ts:18:25)
Error: Failed query: select "id" from "participants" where "participants"."id" = $1
params: e268c889-5335-4247-9278-48ba81fa9ab3
    at NodePgPreparedQuery.queryWithCache (C:\Users\Ilya-\Downloads\MVPSimulationFirstDay-backup-current-version\node_modules\.pnpm\drizzle-orm@0.45.2_@types+pg@8.20.0_pg@8.22.0\node_modules\src\pg-core\session.ts:73:11)
    at process.processTicksAndRejections (node:internal/process/task_queues:104:5)
    at async <anonymous> (C:\Users\Ilya-\Downloads\MVPSimulationFirstDay-backup-current-version\node_modules\.pnpm\drizzle-orm@0.45.2_@types+pg@8.20.0_pg@8.22.0\node_modules\src\node-postgres\session.ts:154:19)
    at async <anonymous> (C:\Users\Ilya-\Downloads\MVPSimulationFirstDay-backup-current-version\artifacts\api-server\src\routes\state.ts:18:25)
Error: Failed query: select "id" from "participants" where "participants"."id" = $1
params: e268c889-5335-4247-9278-48ba81fa9ab3
    at NodePgPreparedQuery.queryWithCache (C:\Users\Ilya-\Downloads\MVPSimulationFirstDay-backup-current-version\node_modules\.pnpm\drizzle-orm@0.45.2_@types+pg@8.20.0_pg@8.22.0\node_modules\src\pg-core\session.ts:73:11)
    at process.processTicksAndRejections (node:internal/process/task_queues:104:5)
    at async <anonymous> (C:\Users\Ilya-\Downloads\MVPSimulationFirstDay-backup-current-version\node_modules\.pnpm\drizzle-orm@0.45.2_@types+pg@8.20.0_pg@8.22.0\node_modules\src\node-postgres\session.ts:154:19)
    at async <anonymous> (C:\Users\Ilya-\Downloads\MVPSimulationFirstDay-backup-current-version\artifacts\api-server\src\routes\state.ts:18:25)
Error: Failed query: select "id" from "participants" where "participants"."id" = $1
params: e268c889-5335-4247-9278-48ba81fa9ab3
    at NodePgPreparedQuery.queryWithCache (C:\Users\Ilya-\Downloads\MVPSimulationFirstDay-backup-current-version\node_modules\.pnpm\drizzle-orm@0.45.2_@types+pg@8.20.0_pg@8.22.0\node_modules\src\pg-core\session.ts:73:11)
    at process.processTicksAndRejections (node:internal/process/task_queues:104:5)
    at async <anonymous> (C:\Users\Ilya-\Downloads\MVPSimulationFirstDay-backup-current-version\node_modules\.pnpm\drizzle-orm@0.45.2_@types+pg@8.20.0_pg@8.22.0\node_modules\src\node-postgres\session.ts:154:19)
    at async <anonymous> (C:\Users\Ilya-\Downloads\MVPSimulationFirstDay-backup-current-version\artifacts\api-server\src\routes\state.ts:18:25)
Error: Failed query: select "id" from "participants" where "participants"."id" = $1
params: e268c889-5335-4247-9278-48ba81fa9ab3
    at NodePgPreparedQuery.queryWithCache (C:\Users\Ilya-\Downloads\MVPSimulationFirstDay-backup-current-version\node_modules\.pnpm\drizzle-orm@0.45.2_@types+pg@8.20.0_pg@8.22.0\node_modules\src\pg-core\session.ts:73:11)
    at process.processTicksAndRejections (node:internal/process/task_queues:104:5)
    at async <anonymous> (C:\Users\Ilya-\Downloads\MVPSimulationFirstDay-backup-current-version\node_modules\.pnpm\drizzle-orm@0.45.2_@types+pg@8.20.0_pg@8.22.0\node_modules\src\node-postgres\session.ts:154:19)
    at async <anonymous> (C:\Users\Ilya-\Downloads\MVPSimulationFirstDay-backup-current-version\artifacts\api-server\src\routes\state.ts:18:25)
Error: Failed query: select "id" from "participants" where "participants"."id" = $1
params: e268c889-5335-4247-9278-48ba81fa9ab3
    at NodePgPreparedQuery.queryWithCache (C:\Users\Ilya-\Downloads\MVPSimulationFirstDay-backup-current-version\node_modules\.pnpm\drizzle-orm@0.45.2_@types+pg@8.20.0_pg@8.22.0\node_modules\src\pg-core\session.ts:73:11)
    at process.processTicksAndRejections (node:internal/process/task_queues:104:5)
    at async <anonymous> (C:\Users\Ilya-\Downloads\MVPSimulationFirstDay-backup-current-version\node_modules\.pnpm\drizzle-orm@0.45.2_@types+pg@8.20.0_pg@8.22.0\node_modules\src\node-postgres\session.ts:154:19)
    at async <anonymous> (C:\Users\Ilya-\Downloads\MVPSimulationFirstDay-backup-current-version\artifacts\api-server\src\routes\state.ts:18:25)
Error: Failed query: select "id" from "participants" where "participants"."id" = $1
params: e268c889-5335-4247-9278-48ba81fa9ab3
    at NodePgPreparedQuery.queryWithCache (C:\Users\Ilya-\Downloads\MVPSimulationFirstDay-backup-current-version\node_modules\.pnpm\drizzle-orm@0.45.2_@types+pg@8.20.0_pg@8.22.0\node_modules\src\pg-core\session.ts:73:11)
    at process.processTicksAndRejections (node:internal/process/task_queues:104:5)
    at async <anonymous> (C:\Users\Ilya-\Downloads\MVPSimulationFirstDay-backup-current-version\node_modules\.pnpm\drizzle-orm@0.45.2_@types+pg@8.20.0_pg@8.22.0\node_modules\src\node-postgres\session.ts:154:19)
    at async <anonymous> (C:\Users\Ilya-\Downloads\MVPSimulationFirstDay-backup-current-version\artifacts\api-server\src\routes\state.ts:18:25)
Error: Failed query: select "id" from "participants" where "participants"."id" = $1
params: e268c889-5335-4247-9278-48ba81fa9ab3
    at NodePgPreparedQuery.queryWithCache (C:\Users\Ilya-\Downloads\MVPSimulationFirstDay-backup-current-version\node_modules\.pnpm\drizzle-orm@0.45.2_@types+pg@8.20.0_pg@8.22.0\node_modules\src\pg-core\session.ts:73:11)
    at process.processTicksAndRejections (node:internal/process/task_queues:104:5)
    at async <anonymous> (C:\Users\Ilya-\Downloads\MVPSimulationFirstDay-backup-current-version\node_modules\.pnpm\drizzle-orm@0.45.2_@types+pg@8.20.0_pg@8.22.0\node_modules\src\node-postgres\session.ts:154:19)
    at async <anonymous> (C:\Users\Ilya-\Downloads\MVPSimulationFirstDay-backup-current-version\artifacts\api-server\src\routes\state.ts:18:25)
Error: Failed query: select "id" from "participants" where "participants"."id" = $1
params: e268c889-5335-4247-9278-48ba81fa9ab3
    at NodePgPreparedQuery.queryWithCache (C:\Users\Ilya-\Downloads\MVPSimulationFirstDay-backup-current-version\node_modules\.pnpm\drizzle-orm@0.45.2_@types+pg@8.20.0_pg@8.22.0\node_modules\src\pg-core\session.ts:73:11)
    at process.processTicksAndRejections (node:internal/process/task_queues:104:5)
    at async <anonymous> (C:\Users\Ilya-\Downloads\MVPSimulationFirstDay-backup-current-version\node_modules\.pnpm\drizzle-orm@0.45.2_@types+pg@8.20.0_pg@8.22.0\node_modules\src\node-postgres\session.ts:154:19)
    at async <anonymous> (C:\Users\Ilya-\Downloads\MVPSimulationFirstDay-backup-current-version\artifacts\api-server\src\routes\state.ts:18:25)
Error: Failed query: select "id" from "participants" where "participants"."id" = $1
params: e268c889-5335-4247-9278-48ba81fa9ab3
    at NodePgPreparedQuery.queryWithCache (C:\Users\Ilya-\Downloads\MVPSimulationFirstDay-backup-current-version\node_modules\.pnpm\drizzle-orm@0.45.2_@types+pg@8.20.0_pg@8.22.0\node_modules\src\pg-core\session.ts:73:11)
    at process.processTicksAndRejections (node:internal/process/task_queues:104:5)
    at async <anonymous> (C:\Users\Ilya-\Downloads\MVPSimulationFirstDay-backup-current-version\node_modules\.pnpm\drizzle-orm@0.45.2_@types+pg@8.20.0_pg@8.22.0\node_modules\src\node-postgres\session.ts:154:19)
    at async <anonymous> (C:\Users\Ilya-\Downloads\MVPSimulationFirstDay-backup-current-version\artifacts\api-server\src\routes\state.ts:18:25)
Error: Failed query: select "id" from "participants" where "participants"."id" = $1
params: e268c889-5335-4247-9278-48ba81fa9ab3
    at NodePgPreparedQuery.queryWithCache (C:\Users\Ilya-\Downloads\MVPSimulationFirstDay-backup-current-version\node_modules\.pnpm\drizzle-orm@0.45.2_@types+pg@8.20.0_pg@8.22.0\node_modules\src\pg-core\session.ts:73:11)
    at process.processTicksAndRejections (node:internal/process/task_queues:104:5)
    at async <anonymous> (C:\Users\Ilya-\Downloads\MVPSimulationFirstDay-backup-current-version\node_modules\.pnpm\drizzle-orm@0.45.2_@types+pg@8.20.0_pg@8.22.0\node_modules\src\node-postgres\session.ts:154:19)
    at async <anonymous> (C:\Users\Ilya-\Downloads\MVPSimulationFirstDay-backup-current-version\artifacts\api-server\src\routes\state.ts:18:25)
Error: Failed query: select "id" from "participants" where "participants"."id" = $1
params: e268c889-5335-4247-9278-48ba81fa9ab3
    at NodePgPreparedQuery.queryWithCache (C:\Users\Ilya-\Downloads\MVPSimulationFirstDay-backup-current-version\node_modules\.pnpm\drizzle-orm@0.45.2_@types+pg@8.20.0_pg@8.22.0\node_modules\src\pg-core\session.ts:73:11)
    at process.processTicksAndRejections (node:internal/process/task_queues:104:5)
    at async <anonymous> (C:\Users\Ilya-\Downloads\MVPSimulationFirstDay-backup-current-version\node_modules\.pnpm\drizzle-orm@0.45.2_@types+pg@8.20.0_pg@8.22.0\node_modules\src\node-postgres\session.ts:154:19)
    at async <anonymous> (C:\Users\Ilya-\Downloads\MVPSimulationFirstDay-backup-current-version\artifacts\api-server\src\routes\state.ts:18:25)
Error: Failed query: select "id" from "participants" where "participants"."id" = $1
params: e268c889-5335-4247-9278-48ba81fa9ab3
    at NodePgPreparedQuery.queryWithCache (C:\Users\Ilya-\Downloads\MVPSimulationFirstDay-backup-current-version\node_modules\.pnpm\drizzle-orm@0.45.2_@types+pg@8.20.0_pg@8.22.0\node_modules\src\pg-core\session.ts:73:11)
    at process.processTicksAndRejections (node:internal/process/task_queues:104:5)
    at async <anonymous> (C:\Users\Ilya-\Downloads\MVPSimulationFirstDay-backup-current-version\node_modules\.pnpm\drizzle-orm@0.45.2_@types+pg@8.20.0_pg@8.22.0\node_modules\src\node-postgres\session.ts:154:19)
    at async <anonymous> (C:\Users\Ilya-\Downloads\MVPSimulationFirstDay-backup-current-version\artifacts\api-server\src\routes\state.ts:18:25)
Error: Failed query: select "id" from "participants" where "participants"."id" = $1
params: e268c889-5335-4247-9278-48ba81fa9ab3
    at NodePgPreparedQuery.queryWithCache (C:\Users\Ilya-\Downloads\MVPSimulationFirstDay-backup-current-version\node_modules\.pnpm\drizzle-orm@0.45.2_@types+pg@8.20.0_pg@8.22.0\node_modules\src\pg-core\session.ts:73:11)
    at process.processTicksAndRejections (node:internal/process/task_queues:104:5)
    at async <anonymous> (C:\Users\Ilya-\Downloads\MVPSimulationFirstDay-backup-current-version\node_modules\.pnpm\drizzle-orm@0.45.2_@types+pg@8.20.0_pg@8.22.0\node_modules\src\node-postgres\session.ts:154:19)
    at async <anonymous> (C:\Users\Ilya-\Downloads\MVPSimulationFirstDay-backup-current-version\artifacts\api-server\src\routes\state.ts:18:25)
Error: Failed query: select "id" from "participants" where "participants"."id" = $1
params: e268c889-5335-4247-9278-48ba81fa9ab3
    at NodePgPreparedQuery.queryWithCache (C:\Users\Ilya-\Downloads\MVPSimulationFirstDay-backup-current-version\node_modules\.pnpm\drizzle-orm@0.45.2_@types+pg@8.20.0_pg@8.22.0\node_modules\src\pg-core\session.ts:73:11)
    at process.processTicksAndRejections (node:internal/process/task_queues:104:5)
    at async <anonymous> (C:\Users\Ilya-\Downloads\MVPSimulationFirstDay-backup-current-version\node_modules\.pnpm\drizzle-orm@0.45.2_@types+pg@8.20.0_pg@8.22.0\node_modules\src\node-postgres\session.ts:154:19)
    at async <anonymous> (C:\Users\Ilya-\Downloads\MVPSimulationFirstDay-backup-current-version\artifacts\api-server\src\routes\state.ts:18:25)
Error: Failed query: select "id" from "participants" where "participants"."id" = $1
params: e268c889-5335-4247-9278-48ba81fa9ab3
    at NodePgPreparedQuery.queryWithCache (C:\Users\Ilya-\Downloads\MVPSimulationFirstDay-backup-current-version\node_modules\.pnpm\drizzle-orm@0.45.2_@types+pg@8.20.0_pg@8.22.0\node_modules\src\pg-core\session.ts:73:11)
    at process.processTicksAndRejections (node:internal/process/task_queues:104:5)
    at async <anonymous> (C:\Users\Ilya-\Downloads\MVPSimulationFirstDay-backup-current-version\node_modules\.pnpm\drizzle-orm@0.45.2_@types+pg@8.20.0_pg@8.22.0\node_modules\src\node-postgres\session.ts:154:19)
    at async <anonymous> (C:\Users\Ilya-\Downloads\MVPSimulationFirstDay-backup-current-version\artifacts\api-server\src\routes\state.ts:18:25)
Error: Failed query: select "id" from "participants" where "participants"."id" = $1
params: e268c889-5335-4247-9278-48ba81fa9ab3
    at NodePgPreparedQuery.queryWithCache (C:\Users\Ilya-\Downloads\MVPSimulationFirstDay-backup-current-version\node_modules\.pnpm\drizzle-orm@0.45.2_@types+pg@8.20.0_pg@8.22.0\node_modules\src\pg-core\session.ts:73:11)
    at process.processTicksAndRejections (node:internal/process/task_queues:104:5)
    at async <anonymous> (C:\Users\Ilya-\Downloads\MVPSimulationFirstDay-backup-current-version\node_modules\.pnpm\drizzle-orm@0.45.2_@types+pg@8.20.0_pg@8.22.0\node_modules\src\node-postgres\session.ts:154:19)
    at async <anonymous> (C:\Users\Ilya-\Downloads\MVPSimulationFirstDay-backup-current-version\artifacts\api-server\src\routes\state.ts:18:25)
Error: Failed query: select "id" from "participants" where "participants"."id" = $1
params: e268c889-5335-4247-9278-48ba81fa9ab3
    at NodePgPreparedQuery.queryWithCache (C:\Users\Ilya-\Downloads\MVPSimulationFirstDay-backup-current-version\node_modules\.pnpm\drizzle-orm@0.45.2_@types+pg@8.20.0_pg@8.22.0\node_modules\src\pg-core\session.ts:73:11)
    at process.processTicksAndRejections (node:internal/process/task_queues:104:5)
    at async <anonymous> (C:\Users\Ilya-\Downloads\MVPSimulationFirstDay-backup-current-version\node_modules\.pnpm\drizzle-orm@0.45.2_@types+pg@8.20.0_pg@8.22.0\node_modules\src\node-postgres\session.ts:154:19)
    at async <anonymous> (C:\Users\Ilya-\Downloads\MVPSimulationFirstDay-backup-current-version\artifacts\api-server\src\routes\state.ts:18:25)
Error: Failed query: select "id" from "participants" where "participants"."id" = $1
params: e268c889-5335-4247-9278-48ba81fa9ab3
    at NodePgPreparedQuery.queryWithCache (C:\Users\Ilya-\Downloads\MVPSimulationFirstDay-backup-current-version\node_modules\.pnpm\drizzle-orm@0.45.2_@types+pg@8.20.0_pg@8.22.0\node_modules\src\pg-core\session.ts:73:11)
    at process.processTicksAndRejections (node:internal/process/task_queues:104:5)
    at async <anonymous> (C:\Users\Ilya-\Downloads\MVPSimulationFirstDay-backup-current-version\node_modules\.pnpm\drizzle-orm@0.45.2_@types+pg@8.20.0_pg@8.22.0\node_modules\src\node-postgres\session.ts:154:19)
    at async <anonymous> (C:\Users\Ilya-\Downloads\MVPSimulationFirstDay-backup-current-version\artifacts\api-server\src\routes\state.ts:18:25)
Error: Failed query: select "id" from "participants" where "participants"."id" = $1
params: e268c889-5335-4247-9278-48ba81fa9ab3
    at NodePgPreparedQuery.queryWithCache (C:\Users\Ilya-\Downloads\MVPSimulationFirstDay-backup-current-version\node_modules\.pnpm\drizzle-orm@0.45.2_@types+pg@8.20.0_pg@8.22.0\node_modules\src\pg-core\session.ts:73:11)
    at process.processTicksAndRejections (node:internal/process/task_queues:104:5)
    at async <anonymous> (C:\Users\Ilya-\Downloads\MVPSimulationFirstDay-backup-current-version\node_modules\.pnpm\drizzle-orm@0.45.2_@types+pg@8.20.0_pg@8.22.0\node_modules\src\node-postgres\session.ts:154:19)
    at async <anonymous> (C:\Users\Ilya-\Downloads\MVPSimulationFirstDay-backup-current-version\artifacts\api-server\src\routes\state.ts:18:25)
Error: Failed query: select "id" from "participants" where "participants"."id" = $1
params: e268c889-5335-4247-9278-48ba81fa9ab3
    at NodePgPreparedQuery.queryWithCache (C:\Users\Ilya-\Downloads\MVPSimulationFirstDay-backup-current-version\node_modules\.pnpm\drizzle-orm@0.45.2_@types+pg@8.20.0_pg@8.22.0\node_modules\src\pg-core\session.ts:73:11)
    at process.processTicksAndRejections (node:internal/process/task_queues:104:5)
    at async <anonymous> (C:\Users\Ilya-\Downloads\MVPSimulationFirstDay-backup-current-version\node_modules\.pnpm\drizzle-orm@0.45.2_@types+pg@8.20.0_pg@8.22.0\node_modules\src\node-postgres\session.ts:154:19)
    at async <anonymous> (C:\Users\Ilya-\Downloads\MVPSimulationFirstDay-backup-current-version\artifacts\api-server\src\routes\state.ts:18:25)
Error: Failed query: select "id" from "participants" where "participants"."id" = $1
params: e268c889-5335-4247-9278-48ba81fa9ab3
    at NodePgPreparedQuery.queryWithCache (C:\Users\Ilya-\Downloads\MVPSimulationFirstDay-backup-current-version\node_modules\.pnpm\drizzle-orm@0.45.2_@types+pg@8.20.0_pg@8.22.0\node_modules\src\pg-core\session.ts:73:11)
    at process.processTicksAndRejections (node:internal/process/task_queues:104:5)
    at async <anonymous> (C:\Users\Ilya-\Downloads\MVPSimulationFirstDay-backup-current-version\node_modules\.pnpm\drizzle-orm@0.45.2_@types+pg@8.20.0_pg@8.22.0\node_modules\src\node-postgres\session.ts:154:19)
    at async <anonymous> (C:\Users\Ilya-\Downloads\MVPSimulationFirstDay-backup-current-version\artifacts\api-server\src\routes\state.ts:18:25)
Error: Failed query: select "id" from "participants" where "participants"."id" = $1
params: e268c889-5335-4247-9278-48ba81fa9ab3
    at NodePgPreparedQuery.queryWithCache (C:\Users\Ilya-\Downloads\MVPSimulationFirstDay-backup-current-version\node_modules\.pnpm\drizzle-orm@0.45.2_@types+pg@8.20.0_pg@8.22.0\node_modules\src\pg-core\session.ts:73:11)
    at process.processTicksAndRejections (node:internal/process/task_queues:104:5)
    at async <anonymous> (C:\Users\Ilya-\Downloads\MVPSimulationFirstDay-backup-current-version\node_modules\.pnpm\drizzle-orm@0.45.2_@types+pg@8.20.0_pg@8.22.0\node_modules\src\node-postgres\session.ts:154:19)
    at async <anonymous> (C:\Users\Ilya-\Downloads\MVPSimulationFirstDay-backup-current-version\artifacts\api-server\src\routes\state.ts:18:25)
Error: Failed query: select "id" from "participants" where "participants"."id" = $1
params: e268c889-5335-4247-9278-48ba81fa9ab3
    at NodePgPreparedQuery.queryWithCache (C:\Users\Ilya-\Downloads\MVPSimulationFirstDay-backup-current-version\node_modules\.pnpm\drizzle-orm@0.45.2_@types+pg@8.20.0_pg@8.22.0\node_modules\src\pg-core\session.ts:73:11)
    at process.processTicksAndRejections (node:internal/process/task_queues:104:5)
    at async <anonymous> (C:\Users\Ilya-\Downloads\MVPSimulationFirstDay-backup-current-version\node_modules\.pnpm\drizzle-orm@0.45.2_@types+pg@8.20.0_pg@8.22.0\node_modules\src\node-postgres\session.ts:154:19)
    at async <anonymous> (C:\Users\Ilya-\Downloads\MVPSimulationFirstDay-backup-current-version\artifacts\api-server\src\routes\state.ts:18:25)
Error: Failed query: select "id" from "participants" where "participants"."id" = $1
params: e268c889-5335-4247-9278-48ba81fa9ab3
    at NodePgPreparedQuery.queryWithCache (C:\Users\Ilya-\Downloads\MVPSimulationFirstDay-backup-current-version\node_modules\.pnpm\drizzle-orm@0.45.2_@types+pg@8.20.0_pg@8.22.0\node_modules\src\pg-core\session.ts:73:11)
    at process.processTicksAndRejections (node:internal/process/task_queues:104:5)
    at async <anonymous> (C:\Users\Ilya-\Downloads\MVPSimulationFirstDay-backup-current-version\node_modules\.pnpm\drizzle-orm@0.45.2_@types+pg@8.20.0_pg@8.22.0\node_modules\src\node-postgres\session.ts:154:19)
    at async <anonymous> (C:\Users\Ilya-\Downloads\MVPSimulationFirstDay-backup-current-version\artifacts\api-server\src\routes\state.ts:18:25)
Error: Failed query: select "id" from "participants" where "participants"."id" = $1
params: e268c889-5335-4247-9278-48ba81fa9ab3
    at NodePgPreparedQuery.queryWithCache (C:\Users\Ilya-\Downloads\MVPSimulationFirstDay-backup-current-version\node_modules\.pnpm\drizzle-orm@0.45.2_@types+pg@8.20.0_pg@8.22.0\node_modules\src\pg-core\session.ts:73:11)
    at process.processTicksAndRejections (node:internal/process/task_queues:104:5)
    at async <anonymous> (C:\Users\Ilya-\Downloads\MVPSimulationFirstDay-backup-current-version\node_modules\.pnpm\drizzle-orm@0.45.2_@types+pg@8.20.0_pg@8.22.0\node_modules\src\node-postgres\session.ts:154:19)
    at async <anonymous> (C:\Users\Ilya-\Downloads\MVPSimulationFirstDay-backup-current-version\artifacts\api-server\src\routes\state.ts:18:25)
Error: Failed query: select "id" from "participants" where "participants"."id" = $1
params: e268c889-5335-4247-9278-48ba81fa9ab3
    at NodePgPreparedQuery.queryWithCache (C:\Users\Ilya-\Downloads\MVPSimulationFirstDay-backup-current-version\node_modules\.pnpm\drizzle-orm@0.45.2_@types+pg@8.20.0_pg@8.22.0\node_modules\src\pg-core\session.ts:73:11)
    at process.processTicksAndRejections (node:internal/process/task_queues:104:5)
    at async <anonymous> (C:\Users\Ilya-\Downloads\MVPSimulationFirstDay-backup-current-version\node_modules\.pnpm\drizzle-orm@0.45.2_@types+pg@8.20.0_pg@8.22.0\node_modules\src\node-postgres\session.ts:154:19)
    at async <anonymous> (C:\Users\Ilya-\Downloads\MVPSimulationFirstDay-backup-current-version\artifacts\api-server\src\routes\state.ts:18:25)
Error: Failed query: select "id" from "participants" where "participants"."id" = $1
params: e268c889-5335-4247-9278-48ba81fa9ab3
    at NodePgPreparedQuery.queryWithCache (C:\Users\Ilya-\Downloads\MVPSimulationFirstDay-backup-current-version\node_modules\.pnpm\drizzle-orm@0.45.2_@types+pg@8.20.0_pg@8.22.0\node_modules\src\pg-core\session.ts:73:11)
    at process.processTicksAndRejections (node:internal/process/task_queues:104:5)
    at async <anonymous> (C:\Users\Ilya-\Downloads\MVPSimulationFirstDay-backup-current-version\node_modules\.pnpm\drizzle-orm@0.45.2_@types+pg@8.20.0_pg@8.22.0\node_modules\src\node-postgres\session.ts:154:19)
    at async <anonymous> (C:\Users\Ilya-\Downloads\MVPSimulationFirstDay-backup-current-version\artifacts\api-server\src\routes\state.ts:18:25)
Error: Failed query: select "id" from "participants" where "participants"."id" = $1
params: e268c889-5335-4247-9278-48ba81fa9ab3
    at NodePgPreparedQuery.queryWithCache (C:\Users\Ilya-\Downloads\MVPSimulationFirstDay-backup-current-version\node_modules\.pnpm\drizzle-orm@0.45.2_@types+pg@8.20.0_pg@8.22.0\node_modules\src\pg-core\session.ts:73:11)
    at process.processTicksAndRejections (node:internal/process/task_queues:104:5)
    at async <anonymous> (C:\Users\Ilya-\Downloads\MVPSimulationFirstDay-backup-current-version\node_modules\.pnpm\drizzle-orm@0.45.2_@types+pg@8.20.0_pg@8.22.0\node_modules\src\node-postgres\session.ts:154:19)
    at async <anonymous> (C:\Users\Ilya-\Downloads\MVPSimulationFirstDay-backup-current-version\artifacts\api-server\src\routes\state.ts:18:25)
Error: Failed query: select "id" from "participants" where "participants"."id" = $1
params: e268c889-5335-4247-9278-48ba81fa9ab3
    at NodePgPreparedQuery.queryWithCache (C:\Users\Ilya-\Downloads\MVPSimulationFirstDay-backup-current-version\node_modules\.pnpm\drizzle-orm@0.45.2_@types+pg@8.20.0_pg@8.22.0\node_modules\src\pg-core\session.ts:73:11)
    at process.processTicksAndRejections (node:internal/process/task_queues:104:5)
    at async <anonymous> (C:\Users\Ilya-\Downloads\MVPSimulationFirstDay-backup-current-version\node_modules\.pnpm\drizzle-orm@0.45.2_@types+pg@8.20.0_pg@8.22.0\node_modules\src\node-postgres\session.ts:154:19)
    at async <anonymous> (C:\Users\Ilya-\Downloads\MVPSimulationFirstDay-backup-current-version\artifacts\api-server\src\routes\state.ts:18:25)
Error: Failed query: select "id" from "participants" where "participants"."id" = $1
params: e268c889-5335-4247-9278-48ba81fa9ab3
    at NodePgPreparedQuery.queryWithCache (C:\Users\Ilya-\Downloads\MVPSimulationFirstDay-backup-current-version\node_modules\.pnpm\drizzle-orm@0.45.2_@types+pg@8.20.0_pg@8.22.0\node_modules\src\pg-core\session.ts:73:11)
    at process.processTicksAndRejections (node:internal/process/task_queues:104:5)
    at async <anonymous> (C:\Users\Ilya-\Downloads\MVPSimulationFirstDay-backup-current-version\node_modules\.pnpm\drizzle-orm@0.45.2_@types+pg@8.20.0_pg@8.22.0\node_modules\src\node-postgres\session.ts:154:19)
    at async <anonymous> (C:\Users\Ilya-\Downloads\MVPSimulationFirstDay-backup-current-version\artifacts\api-server\src\routes\state.ts:18:25)
Error: Failed query: select "id" from "participants" where "participants"."id" = $1
params: e268c889-5335-4247-9278-48ba81fa9ab3
    at NodePgPreparedQuery.queryWithCache (C:\Users\Ilya-\Downloads\MVPSimulationFirstDay-backup-current-version\node_modules\.pnpm\drizzle-orm@0.45.2_@types+pg@8.20.0_pg@8.22.0\node_modules\src\pg-core\session.ts:73:11)
    at process.processTicksAndRejections (node:internal/process/task_queues:104:5)
    at async <anonymous> (C:\Users\Ilya-\Downloads\MVPSimulationFirstDay-backup-current-version\node_modules\.pnpm\drizzle-orm@0.45.2_@types+pg@8.20.0_pg@8.22.0\node_modules\src\node-postgres\session.ts:154:19)
    at async <anonymous> (C:\Users\Ilya-\Downloads\MVPSimulationFirstDay-backup-current-version\artifacts\api-server\src\routes\state.ts:18:25)
Error: Failed query: select "id" from "participants" where "participants"."id" = $1
params: e268c889-5335-4247-9278-48ba81fa9ab3
    at NodePgPreparedQuery.queryWithCache (C:\Users\Ilya-\Downloads\MVPSimulationFirstDay-backup-current-version\node_modules\.pnpm\drizzle-orm@0.45.2_@types+pg@8.20.0_pg@8.22.0\node_modules\src\pg-core\session.ts:73:11)
    at process.processTicksAndRejections (node:internal/process/task_queues:104:5)
    at async <anonymous> (C:\Users\Ilya-\Downloads\MVPSimulationFirstDay-backup-current-version\node_modules\.pnpm\drizzle-orm@0.45.2_@types+pg@8.20.0_pg@8.22.0\node_modules\src\node-postgres\session.ts:154:19)
    at async <anonymous> (C:\Users\Ilya-\Downloads\MVPSimulationFirstDay-backup-current-version\artifacts\api-server\src\routes\state.ts:18:25)
Error: Failed query: select "id" from "participants" where "participants"."id" = $1
params: e268c889-5335-4247-9278-48ba81fa9ab3
    at NodePgPreparedQuery.queryWithCache (C:\Users\Ilya-\Downloads\MVPSimulationFirstDay-backup-current-version\node_modules\.pnpm\drizzle-orm@0.45.2_@types+pg@8.20.0_pg@8.22.0\node_modules\src\pg-core\session.ts:73:11)
    at process.processTicksAndRejections (node:internal/process/task_queues:104:5)
    at async <anonymous> (C:\Users\Ilya-\Downloads\MVPSimulationFirstDay-backup-current-version\node_modules\.pnpm\drizzle-orm@0.45.2_@types+pg@8.20.0_pg@8.22.0\node_modules\src\node-postgres\session.ts:154:19)
    at async <anonymous> (C:\Users\Ilya-\Downloads\MVPSimulationFirstDay-backup-current-version\artifacts\api-server\src\routes\state.ts:18:25)
Error: Failed query: select "id" from "participants" where "participants"."id" = $1
params: e268c889-5335-4247-9278-48ba81fa9ab3
    at NodePgPreparedQuery.queryWithCache (C:\Users\Ilya-\Downloads\MVPSimulationFirstDay-backup-current-version\node_modules\.pnpm\drizzle-orm@0.45.2_@types+pg@8.20.0_pg@8.22.0\node_modules\src\pg-core\session.ts:73:11)
    at process.processTicksAndRejections (node:internal/process/task_queues:104:5)
    at async <anonymous> (C:\Users\Ilya-\Downloads\MVPSimulationFirstDay-backup-current-version\node_modules\.pnpm\drizzle-orm@0.45.2_@types+pg@8.20.0_pg@8.22.0\node_modules\src\node-postgres\session.ts:154:19)
    at async <anonymous> (C:\Users\Ilya-\Downloads\MVPSimulationFirstDay-backup-current-version\artifacts\api-server\src\routes\state.ts:18:25)
Error: Failed query: select "id" from "participants" where "participants"."id" = $1
params: e268c889-5335-4247-9278-48ba81fa9ab3
    at NodePgPreparedQuery.queryWithCache (C:\Users\Ilya-\Downloads\MVPSimulationFirstDay-backup-current-version\node_modules\.pnpm\drizzle-orm@0.45.2_@types+pg@8.20.0_pg@8.22.0\node_modules\src\pg-core\session.ts:73:11)
    at process.processTicksAndRejections (node:internal/process/task_queues:104:5)
    at async <anonymous> (C:\Users\Ilya-\Downloads\MVPSimulationFirstDay-backup-current-version\node_modules\.pnpm\drizzle-orm@0.45.2_@types+pg@8.20.0_pg@8.22.0\node_modules\src\node-postgres\session.ts:154:19)
    at async <anonymous> (C:\Users\Ilya-\Downloads\MVPSimulationFirstDay-backup-current-version\artifacts\api-server\src\routes\state.ts:18:25)
Error: Failed query: select "id" from "participants" where "participants"."id" = $1
params: e268c889-5335-4247-9278-48ba81fa9ab3
    at NodePgPreparedQuery.queryWithCache (C:\Users\Ilya-\Downloads\MVPSimulationFirstDay-backup-current-version\node_modules\.pnpm\drizzle-orm@0.45.2_@types+pg@8.20.0_pg@8.22.0\node_modules\src\pg-core\session.ts:73:11)
    at process.processTicksAndRejections (node:internal/process/task_queues:104:5)
    at async <anonymous> (C:\Users\Ilya-\Downloads\MVPSimulationFirstDay-backup-current-version\node_modules\.pnpm\drizzle-orm@0.45.2_@types+pg@8.20.0_pg@8.22.0\node_modules\src\node-postgres\session.ts:154:19)
    at async <anonymous> (C:\Users\Ilya-\Downloads\MVPSimulationFirstDay-backup-current-version\artifacts\api-server\src\routes\state.ts:18:25)
Error: Failed query: select "id" from "participants" where "participants"."id" = $1
params: e268c889-5335-4247-9278-48ba81fa9ab3
    at NodePgPreparedQuery.queryWithCache (C:\Users\Ilya-\Downloads\MVPSimulationFirstDay-backup-current-version\node_modules\.pnpm\drizzle-orm@0.45.2_@types+pg@8.20.0_pg@8.22.0\node_modules\src\pg-core\session.ts:73:11)
    at process.processTicksAndRejections (node:internal/process/task_queues:104:5)
    at async <anonymous> (C:\Users\Ilya-\Downloads\MVPSimulationFirstDay-backup-current-version\node_modules\.pnpm\drizzle-orm@0.45.2_@types+pg@8.20.0_pg@8.22.0\node_modules\src\node-postgres\session.ts:154:19)
    at async <anonymous> (C:\Users\Ilya-\Downloads\MVPSimulationFirstDay-backup-current-version\artifacts\api-server\src\routes\state.ts:18:25)
Error: Failed query: select "id" from "participants" where "participants"."id" = $1
params: e268c889-5335-4247-9278-48ba81fa9ab3
    at NodePgPreparedQuery.queryWithCache (C:\Users\Ilya-\Downloads\MVPSimulationFirstDay-backup-current-version\node_modules\.pnpm\drizzle-orm@0.45.2_@types+pg@8.20.0_pg@8.22.0\node_modules\src\pg-core\session.ts:73:11)
    at process.processTicksAndRejections (node:internal/process/task_queues:104:5)
    at async <anonymous> (C:\Users\Ilya-\Downloads\MVPSimulationFirstDay-backup-current-version\node_modules\.pnpm\drizzle-orm@0.45.2_@types+pg@8.20.0_pg@8.22.0\node_modules\src\node-postgres\session.ts:154:19)
    at async <anonymous> (C:\Users\Ilya-\Downloads\MVPSimulationFirstDay-backup-current-version\artifacts\api-server\src\routes\state.ts:18:25)
Error: Failed query: select "id" from "participants" where "participants"."id" = $1
params: e268c889-5335-4247-9278-48ba81fa9ab3
    at NodePgPreparedQuery.queryWithCache (C:\Users\Ilya-\Downloads\MVPSimulationFirstDay-backup-current-version\node_modules\.pnpm\drizzle-orm@0.45.2_@types+pg@8.20.0_pg@8.22.0\node_modules\src\pg-core\session.ts:73:11)
    at process.processTicksAndRejections (node:internal/process/task_queues:104:5)
    at async <anonymous> (C:\Users\Ilya-\Downloads\MVPSimulationFirstDay-backup-current-version\node_modules\.pnpm\drizzle-orm@0.45.2_@types+pg@8.20.0_pg@8.22.0\node_modules\src\node-postgres\session.ts:154:19)
    at async <anonymous> (C:\Users\Ilya-\Downloads\MVPSimulationFirstDay-backup-current-version\artifacts\api-server\src\routes\state.ts:18:25)
Error: Failed query: select "id" from "participants" where "participants"."id" = $1
params: e268c889-5335-4247-9278-48ba81fa9ab3
    at NodePgPreparedQuery.queryWithCache (C:\Users\Ilya-\Downloads\MVPSimulationFirstDay-backup-current-version\node_modules\.pnpm\drizzle-orm@0.45.2_@types+pg@8.20.0_pg@8.22.0\node_modules\src\pg-core\session.ts:73:11)
    at process.processTicksAndRejections (node:internal/process/task_queues:104:5)
    at async <anonymous> (C:\Users\Ilya-\Downloads\MVPSimulationFirstDay-backup-current-version\node_modules\.pnpm\drizzle-orm@0.45.2_@types+pg@8.20.0_pg@8.22.0\node_modules\src\node-postgres\session.ts:154:19)
    at async <anonymous> (C:\Users\Ilya-\Downloads\MVPSimulationFirstDay-backup-current-version\artifacts\api-server\src\routes\state.ts:18:25)
Error: Failed query: select "id" from "participants" where "participants"."id" = $1
params: e268c889-5335-4247-9278-48ba81fa9ab3
    at NodePgPreparedQuery.queryWithCache (C:\Users\Ilya-\Downloads\MVPSimulationFirstDay-backup-current-version\node_modules\.pnpm\drizzle-orm@0.45.2_@types+pg@8.20.0_pg@8.22.0\node_modules\src\pg-core\session.ts:73:11)
    at process.processTicksAndRejections (node:internal/process/task_queues:104:5)
    at async <anonymous> (C:\Users\Ilya-\Downloads\MVPSimulationFirstDay-backup-current-version\node_modules\.pnpm\drizzle-orm@0.45.2_@types+pg@8.20.0_pg@8.22.0\node_modules\src\node-postgres\session.ts:154:19)
    at async <anonymous> (C:\Users\Ilya-\Downloads\MVPSimulationFirstDay-backup-current-version\artifacts\api-server\src\routes\state.ts:18:25)
Error: Failed query: select "id" from "participants" where "participants"."id" = $1
params: e268c889-5335-4247-9278-48ba81fa9ab3
    at NodePgPreparedQuery.queryWithCache (C:\Users\Ilya-\Downloads\MVPSimulationFirstDay-backup-current-version\node_modules\.pnpm\drizzle-orm@0.45.2_@types+pg@8.20.0_pg@8.22.0\node_modules\src\pg-core\session.ts:73:11)
    at process.processTicksAndRejections (node:internal/process/task_queues:104:5)
    at async <anonymous> (C:\Users\Ilya-\Downloads\MVPSimulationFirstDay-backup-current-version\node_modules\.pnpm\drizzle-orm@0.45.2_@types+pg@8.20.0_pg@8.22.0\node_modules\src\node-postgres\session.ts:154:19)
    at async <anonymous> (C:\Users\Ilya-\Downloads\MVPSimulationFirstDay-backup-current-version\artifacts\api-server\src\routes\state.ts:18:25)
Error: Failed query: select "id" from "participants" where "participants"."id" = $1
params: e268c889-5335-4247-9278-48ba81fa9ab3
    at NodePgPreparedQuery.queryWithCache (C:\Users\Ilya-\Downloads\MVPSimulationFirstDay-backup-current-version\node_modules\.pnpm\drizzle-orm@0.45.2_@types+pg@8.20.0_pg@8.22.0\node_modules\src\pg-core\session.ts:73:11)
    at process.processTicksAndRejections (node:internal/process/task_queues:104:5)
    at async <anonymous> (C:\Users\Ilya-\Downloads\MVPSimulationFirstDay-backup-current-version\node_modules\.pnpm\drizzle-orm@0.45.2_@types+pg@8.20.0_pg@8.22.0\node_modules\src\node-postgres\session.ts:154:19)
    at async <anonymous> (C:\Users\Ilya-\Downloads\MVPSimulationFirstDay-backup-current-version\artifacts\api-server\src\routes\state.ts:18:25)
Error: Failed query: select "id" from "participants" where "participants"."id" = $1
params: e268c889-5335-4247-9278-48ba81fa9ab3
    at NodePgPreparedQuery.queryWithCache (C:\Users\Ilya-\Downloads\MVPSimulationFirstDay-backup-current-version\node_modules\.pnpm\drizzle-orm@0.45.2_@types+pg@8.20.0_pg@8.22.0\node_modules\src\pg-core\session.ts:73:11)
    at process.processTicksAndRejections (node:internal/process/task_queues:104:5)
    at async <anonymous> (C:\Users\Ilya-\Downloads\MVPSimulationFirstDay-backup-current-version\node_modules\.pnpm\drizzle-orm@0.45.2_@types+pg@8.20.0_pg@8.22.0\node_modules\src\node-postgres\session.ts:154:19)
    at async <anonymous> (C:\Users\Ilya-\Downloads\MVPSimulationFirstDay-backup-current-version\artifacts\api-server\src\routes\state.ts:18:25)
Error: Failed query: select "id" from "participants" where "participants"."id" = $1
params: e268c889-5335-4247-9278-48ba81fa9ab3
    at NodePgPreparedQuery.queryWithCache (C:\Users\Ilya-\Downloads\MVPSimulationFirstDay-backup-current-version\node_modules\.pnpm\drizzle-orm@0.45.2_@types+pg@8.20.0_pg@8.22.0\node_modules\src\pg-core\session.ts:73:11)
    at process.processTicksAndRejections (node:internal/process/task_queues:104:5)
    at async <anonymous> (C:\Users\Ilya-\Downloads\MVPSimulationFirstDay-backup-current-version\node_modules\.pnpm\drizzle-orm@0.45.2_@types+pg@8.20.0_pg@8.22.0\node_modules\src\node-postgres\session.ts:154:19)
    at async <anonymous> (C:\Users\Ilya-\Downloads\MVPSimulationFirstDay-backup-current-version\artifacts\api-server\src\routes\state.ts:18:25)
Error: Failed query: select "id" from "participants" where "participants"."id" = $1
params: e268c889-5335-4247-9278-48ba81fa9ab3
    at NodePgPreparedQuery.queryWithCache (C:\Users\Ilya-\Downloads\MVPSimulationFirstDay-backup-current-version\node_modules\.pnpm\drizzle-orm@0.45.2_@types+pg@8.20.0_pg@8.22.0\node_modules\src\pg-core\session.ts:73:11)
    at process.processTicksAndRejections (node:internal/process/task_queues:104:5)
    at async <anonymous> (C:\Users\Ilya-\Downloads\MVPSimulationFirstDay-backup-current-version\node_modules\.pnpm\drizzle-orm@0.45.2_@types+pg@8.20.0_pg@8.22.0\node_modules\src\node-postgres\session.ts:154:19)
    at async <anonymous> (C:\Users\Ilya-\Downloads\MVPSimulationFirstDay-backup-current-version\artifacts\api-server\src\routes\state.ts:18:25)
Error: Failed query: select "id" from "participants" where "participants"."id" = $1
params: e268c889-5335-4247-9278-48ba81fa9ab3
    at NodePgPreparedQuery.queryWithCache (C:\Users\Ilya-\Downloads\MVPSimulationFirstDay-backup-current-version\node_modules\.pnpm\drizzle-orm@0.45.2_@types+pg@8.20.0_pg@8.22.0\node_modules\src\pg-core\session.ts:73:11)
    at process.processTicksAndRejections (node:internal/process/task_queues:104:5)
    at async <anonymous> (C:\Users\Ilya-\Downloads\MVPSimulationFirstDay-backup-current-version\node_modules\.pnpm\drizzle-orm@0.45.2_@types+pg@8.20.0_pg@8.22.0\node_modules\src\node-postgres\session.ts:154:19)
    at async <anonymous> (C:\Users\Ilya-\Downloads\MVPSimulationFirstDay-backup-current-version\artifacts\api-server\src\routes\state.ts:18:25)
Error: Failed query: select "id" from "participants" where "participants"."id" = $1
params: e268c889-5335-4247-9278-48ba81fa9ab3
    at NodePgPreparedQuery.queryWithCache (C:\Users\Ilya-\Downloads\MVPSimulationFirstDay-backup-current-version\node_modules\.pnpm\drizzle-orm@0.45.2_@types+pg@8.20.0_pg@8.22.0\node_modules\src\pg-core\session.ts:73:11)
    at process.processTicksAndRejections (node:internal/process/task_queues:104:5)
    at async <anonymous> (C:\Users\Ilya-\Downloads\MVPSimulationFirstDay-backup-current-version\node_modules\.pnpm\drizzle-orm@0.45.2_@types+pg@8.20.0_pg@8.22.0\node_modules\src\node-postgres\session.ts:154:19)
    at async <anonymous> (C:\Users\Ilya-\Downloads\MVPSimulationFirstDay-backup-current-version\artifacts\api-server\src\routes\state.ts:18:25)
Error: Failed query: select "id" from "participants" where "participants"."id" = $1
params: e268c889-5335-4247-9278-48ba81fa9ab3
    at NodePgPreparedQuery.queryWithCache (C:\Users\Ilya-\Downloads\MVPSimulationFirstDay-backup-current-version\node_modules\.pnpm\drizzle-orm@0.45.2_@types+pg@8.20.0_pg@8.22.0\node_modules\src\pg-core\session.ts:73:11)
    at process.processTicksAndRejections (node:internal/process/task_queues:104:5)
    at async <anonymous> (C:\Users\Ilya-\Downloads\MVPSimulationFirstDay-backup-current-version\node_modules\.pnpm\drizzle-orm@0.45.2_@types+pg@8.20.0_pg@8.22.0\node_modules\src\node-postgres\session.ts:154:19)
    at async <anonymous> (C:\Users\Ilya-\Downloads\MVPSimulationFirstDay-backup-current-version\artifacts\api-server\src\routes\state.ts:18:25)
Error: Failed query: select "id" from "participants" where "participants"."id" = $1
params: e268c889-5335-4247-9278-48ba81fa9ab3
    at NodePgPreparedQuery.queryWithCache (C:\Users\Ilya-\Downloads\MVPSimulationFirstDay-backup-current-version\node_modules\.pnpm\drizzle-orm@0.45.2_@types+pg@8.20.0_pg@8.22.0\node_modules\src\pg-core\session.ts:73:11)
    at process.processTicksAndRejections (node:internal/process/task_queues:104:5)
    at async <anonymous> (C:\Users\Ilya-\Downloads\MVPSimulationFirstDay-backup-current-version\node_modules\.pnpm\drizzle-orm@0.45.2_@types+pg@8.20.0_pg@8.22.0\node_modules\src\node-postgres\session.ts:154:19)
    at async <anonymous> (C:\Users\Ilya-\Downloads\MVPSimulationFirstDay-backup-current-version\artifacts\api-server\src\routes\state.ts:18:25)
Error: Failed query: select "id" from "participants" where "participants"."id" = $1
params: e268c889-5335-4247-9278-48ba81fa9ab3
    at NodePgPreparedQuery.queryWithCache (C:\Users\Ilya-\Downloads\MVPSimulationFirstDay-backup-current-version\node_modules\.pnpm\drizzle-orm@0.45.2_@types+pg@8.20.0_pg@8.22.0\node_modules\src\pg-core\session.ts:73:11)
    at process.processTicksAndRejections (node:internal/process/task_queues:104:5)
    at async <anonymous> (C:\Users\Ilya-\Downloads\MVPSimulationFirstDay-backup-current-version\node_modules\.pnpm\drizzle-orm@0.45.2_@types+pg@8.20.0_pg@8.22.0\node_modules\src\node-postgres\session.ts:154:19)
    at async <anonymous> (C:\Users\Ilya-\Downloads\MVPSimulationFirstDay-backup-current-version\artifacts\api-server\src\routes\state.ts:18:25)
Error: Failed query: select "id" from "participants" where "participants"."id" = $1
params: e268c889-5335-4247-9278-48ba81fa9ab3
    at NodePgPreparedQuery.queryWithCache (C:\Users\Ilya-\Downloads\MVPSimulationFirstDay-backup-current-version\node_modules\.pnpm\drizzle-orm@0.45.2_@types+pg@8.20.0_pg@8.22.0\node_modules\src\pg-core\session.ts:73:11)
    at process.processTicksAndRejections (node:internal/process/task_queues:104:5)
    at async <anonymous> (C:\Users\Ilya-\Downloads\MVPSimulationFirstDay-backup-current-version\node_modules\.pnpm\drizzle-orm@0.45.2_@types+pg@8.20.0_pg@8.22.0\node_modules\src\node-postgres\session.ts:154:19)
    at async <anonymous> (C:\Users\Ilya-\Downloads\MVPSimulationFirstDay-backup-current-version\artifacts\api-server\src\routes\state.ts:18:25)
Error: Failed query: select "id" from "participants" where "participants"."id" = $1
params: e268c889-5335-4247-9278-48ba81fa9ab3
    at NodePgPreparedQuery.queryWithCache (C:\Users\Ilya-\Downloads\MVPSimulationFirstDay-backup-current-version\node_modules\.pnpm\drizzle-orm@0.45.2_@types+pg@8.20.0_pg@8.22.0\node_modules\src\pg-core\session.ts:73:11)
    at process.processTicksAndRejections (node:internal/process/task_queues:104:5)
    at async <anonymous> (C:\Users\Ilya-\Downloads\MVPSimulationFirstDay-backup-current-version\node_modules\.pnpm\drizzle-orm@0.45.2_@types+pg@8.20.0_pg@8.22.0\node_modules\src\node-postgres\session.ts:154:19)
    at async <anonymous> (C:\Users\Ilya-\Downloads\MVPSimulationFirstDay-backup-current-version\artifacts\api-server\src\routes\state.ts:18:25)
Error: Failed query: select "id" from "participants" where "participants"."id" = $1
params: e268c889-5335-4247-9278-48ba81fa9ab3
    at NodePgPreparedQuery.queryWithCache (C:\Users\Ilya-\Downloads\MVPSimulationFirstDay-backup-current-version\node_modules\.pnpm\drizzle-orm@0.45.2_@types+pg@8.20.0_pg@8.22.0\node_modules\src\pg-core\session.ts:73:11)
    at process.processTicksAndRejections (node:internal/process/task_queues:104:5)
    at async <anonymous> (C:\Users\Ilya-\Downloads\MVPSimulationFirstDay-backup-current-version\node_modules\.pnpm\drizzle-orm@0.45.2_@types+pg@8.20.0_pg@8.22.0\node_modules\src\node-postgres\session.ts:154:19)
    at async <anonymous> (C:\Users\Ilya-\Downloads\MVPSimulationFirstDay-backup-current-version\artifacts\api-server\src\routes\state.ts:18:25)
Error: Failed query: select "id" from "participants" where "participants"."id" = $1
params: e268c889-5335-4247-9278-48ba81fa9ab3
    at NodePgPreparedQuery.queryWithCache (C:\Users\Ilya-\Downloads\MVPSimulationFirstDay-backup-current-version\node_modules\.pnpm\drizzle-orm@0.45.2_@types+pg@8.20.0_pg@8.22.0\node_modules\src\pg-core\session.ts:73:11)
    at process.processTicksAndRejections (node:internal/process/task_queues:104:5)
    at async <anonymous> (C:\Users\Ilya-\Downloads\MVPSimulationFirstDay-backup-current-version\node_modules\.pnpm\drizzle-orm@0.45.2_@types+pg@8.20.0_pg@8.22.0\node_modules\src\node-postgres\session.ts:154:19)
    at async <anonymous> (C:\Users\Ilya-\Downloads\MVPSimulationFirstDay-backup-current-version\artifacts\api-server\src\routes\state.ts:18:25)
Error: Failed query: select "id" from "participants" where "participants"."id" = $1
params: e268c889-5335-4247-9278-48ba81fa9ab3
    at NodePgPreparedQuery.queryWithCache (C:\Users\Ilya-\Downloads\MVPSimulationFirstDay-backup-current-version\node_modules\.pnpm\drizzle-orm@0.45.2_@types+pg@8.20.0_pg@8.22.0\node_modules\src\pg-core\session.ts:73:11)
    at process.processTicksAndRejections (node:internal/process/task_queues:104:5)
    at async <anonymous> (C:\Users\Ilya-\Downloads\MVPSimulationFirstDay-backup-current-version\node_modules\.pnpm\drizzle-orm@0.45.2_@types+pg@8.20.0_pg@8.22.0\node_modules\src\node-postgres\session.ts:154:19)
    at async <anonymous> (C:\Users\Ilya-\Downloads\MVPSimulationFirstDay-backup-current-version\artifacts\api-server\src\routes\state.ts:18:25)
Error: Failed query: select "id" from "participants" where "participants"."id" = $1
params: e268c889-5335-4247-9278-48ba81fa9ab3
    at NodePgPreparedQuery.queryWithCache (C:\Users\Ilya-\Downloads\MVPSimulationFirstDay-backup-current-version\node_modules\.pnpm\drizzle-orm@0.45.2_@types+pg@8.20.0_pg@8.22.0\node_modules\src\pg-core\session.ts:73:11)
    at process.processTicksAndRejections (node:internal/process/task_queues:104:5)
    at async <anonymous> (C:\Users\Ilya-\Downloads\MVPSimulationFirstDay-backup-current-version\node_modules\.pnpm\drizzle-orm@0.45.2_@types+pg@8.20.0_pg@8.22.0\node_modules\src\node-postgres\session.ts:154:19)
    at async <anonymous> (C:\Users\Ilya-\Downloads\MVPSimulationFirstDay-backup-current-version\artifacts\api-server\src\routes\state.ts:18:25)
Error: Failed query: select "id" from "participants" where "participants"."id" = $1
params: e268c889-5335-4247-9278-48ba81fa9ab3
    at NodePgPreparedQuery.queryWithCache (C:\Users\Ilya-\Downloads\MVPSimulationFirstDay-backup-current-version\node_modules\.pnpm\drizzle-orm@0.45.2_@types+pg@8.20.0_pg@8.22.0\node_modules\src\pg-core\session.ts:73:11)
    at process.processTicksAndRejections (node:internal/process/task_queues:104:5)
    at async <anonymous> (C:\Users\Ilya-\Downloads\MVPSimulationFirstDay-backup-current-version\node_modules\.pnpm\drizzle-orm@0.45.2_@types+pg@8.20.0_pg@8.22.0\node_modules\src\node-postgres\session.ts:154:19)
    at async <anonymous> (C:\Users\Ilya-\Downloads\MVPSimulationFirstDay-backup-current-version\artifacts\api-server\src\routes\state.ts:18:25)
Error: Failed query: select "id" from "participants" where "participants"."id" = $1
params: e268c889-5335-4247-9278-48ba81fa9ab3
    at NodePgPreparedQuery.queryWithCache (C:\Users\Ilya-\Downloads\MVPSimulationFirstDay-backup-current-version\node_modules\.pnpm\drizzle-orm@0.45.2_@types+pg@8.20.0_pg@8.22.0\node_modules\src\pg-core\session.ts:73:11)
    at process.processTicksAndRejections (node:internal/process/task_queues:104:5)
    at async <anonymous> (C:\Users\Ilya-\Downloads\MVPSimulationFirstDay-backup-current-version\node_modules\.pnpm\drizzle-orm@0.45.2_@types+pg@8.20.0_pg@8.22.0\node_modules\src\node-postgres\session.ts:154:19)
    at async <anonymous> (C:\Users\Ilya-\Downloads\MVPSimulationFirstDay-backup-current-version\artifacts\api-server\src\routes\state.ts:18:25)
Error: Failed query: select "id" from "participants" where "participants"."id" = $1
params: e268c889-5335-4247-9278-48ba81fa9ab3
    at NodePgPreparedQuery.queryWithCache (C:\Users\Ilya-\Downloads\MVPSimulationFirstDay-backup-current-version\node_modules\.pnpm\drizzle-orm@0.45.2_@types+pg@8.20.0_pg@8.22.0\node_modules\src\pg-core\session.ts:73:11)
    at process.processTicksAndRejections (node:internal/process/task_queues:104:5)
    at async <anonymous> (C:\Users\Ilya-\Downloads\MVPSimulationFirstDay-backup-current-version\node_modules\.pnpm\drizzle-orm@0.45.2_@types+pg@8.20.0_pg@8.22.0\node_modules\src\node-postgres\session.ts:154:19)
    at async <anonymous> (C:\Users\Ilya-\Downloads\MVPSimulationFirstDay-backup-current-version\artifacts\api-server\src\routes\state.ts:18:25)
Error: Failed query: select "id" from "participants" where "participants"."id" = $1
params: e268c889-5335-4247-9278-48ba81fa9ab3
    at NodePgPreparedQuery.queryWithCache (C:\Users\Ilya-\Downloads\MVPSimulationFirstDay-backup-current-version\node_modules\.pnpm\drizzle-orm@0.45.2_@types+pg@8.20.0_pg@8.22.0\node_modules\src\pg-core\session.ts:73:11)
    at process.processTicksAndRejections (node:internal/process/task_queues:104:5)
    at async <anonymous> (C:\Users\Ilya-\Downloads\MVPSimulationFirstDay-backup-current-version\node_modules\.pnpm\drizzle-orm@0.45.2_@types+pg@8.20.0_pg@8.22.0\node_modules\src\node-postgres\session.ts:154:19)
    at async <anonymous> (C:\Users\Ilya-\Downloads\MVPSimulationFirstDay-backup-current-version\artifacts\api-server\src\routes\state.ts:18:25)
Error: Failed query: select "id" from "participants" where "participants"."id" = $1
params: e268c889-5335-4247-9278-48ba81fa9ab3
    at NodePgPreparedQuery.queryWithCache (C:\Users\Ilya-\Downloads\MVPSimulationFirstDay-backup-current-version\node_modules\.pnpm\drizzle-orm@0.45.2_@types+pg@8.20.0_pg@8.22.0\node_modules\src\pg-core\session.ts:73:11)
    at process.processTicksAndRejections (node:internal/process/task_queues:104:5)
    at async <anonymous> (C:\Users\Ilya-\Downloads\MVPSimulationFirstDay-backup-current-version\node_modules\.pnpm\drizzle-orm@0.45.2_@types+pg@8.20.0_pg@8.22.0\node_modules\src\node-postgres\session.ts:154:19)
    at async <anonymous> (C:\Users\Ilya-\Downloads\MVPSimulationFirstDay-backup-current-version\artifacts\api-server\src\routes\state.ts:18:25)
Error: Failed query: select "id" from "participants" where "participants"."id" = $1
params: e268c889-5335-4247-9278-48ba81fa9ab3
    at NodePgPreparedQuery.queryWithCache (C:\Users\Ilya-\Downloads\MVPSimulationFirstDay-backup-current-version\node_modules\.pnpm\drizzle-orm@0.45.2_@types+pg@8.20.0_pg@8.22.0\node_modules\src\pg-core\session.ts:73:11)
    at process.processTicksAndRejections (node:internal/process/task_queues:104:5)
    at async <anonymous> (C:\Users\Ilya-\Downloads\MVPSimulationFirstDay-backup-current-version\node_modules\.pnpm\drizzle-orm@0.45.2_@types+pg@8.20.0_pg@8.22.0\node_modules\src\node-postgres\session.ts:154:19)
    at async <anonymous> (C:\Users\Ilya-\Downloads\MVPSimulationFirstDay-backup-current-version\artifacts\api-server\src\routes\state.ts:18:25)
